
> dystronic-app@0.1.0 build
> next build

node.exe : ÔÜá Warning: Next.js inferred your workspace root, but it may not 
be correct.
En C:\Users\USUARIO\AppData\Roaming\npm\npm.ps1: 24 Carácter: 5
+     & "node$exe"  "$basedir/node_modules/npm/bin/npm-cli.js" $args
+     ~~~~~~~~~~~~~~~~~~~~~~~~~~~~~~~~~~~~~~~~~~~~~~~~~~~~~~~~~~~~~~
    + CategoryInfo          : NotSpecified: (ÔÜá Warning: Ne...not be correct 
   .:String) [], RemoteException
    + FullyQualifiedErrorId : NativeCommandError
 
 We detected multiple lockfiles and selected the directory of 
C:\Users\USUARIO\package-lock.json as the root directory.
 To silence this warning, set `turbopack.root` in your Next.js config, or 
consider removing one of the lockfiles if it's not needed.
   See https://nextjs.org/docs/app/api-reference/config/next-config-js/turbopa
ck#root-directory for more information.
 Detected additional lockfiles: 
   * C:\Users\USUARIO\Downloads\Nueva carpeta 
(35)\DystronicWeb\package-lock.json

Ôû▓ Next.js 16.2.4 (Turbopack)

  Creating an optimized production build ...
Ô£ô Compiled successfully in 3.1s
  Running TypeScript ...
Failed to type check.

./src/app/store/[id]/page.tsx:6:49
Type error: Module '"lucide-react"' has no exported member 'ShareAide'.

  [90m4 |[0m ...[36mrt[0m [33mImage[0m [36mfrom[0m 
[32m"next/image"[0m;
  [90m5 |[0m ...[36mrt[0m [33mLink[0m [36mfrom[0m 
[32m"next/link"[0m;
[31m[1m>[0m [90m6 |[0m ...[36mrt[0m { [33mArrowLeft[0m, 
[33mCheckCircle2[0m, [33mChevronRight[0m, [33mShareAide[0m, 
[33mCircuitBoard[0m, [33mBot[0m, [33mShoppingCart[0m }.[36m..[0m
  [90m  |[0m                                                [31m[1m^[0m
  [90m7 |[0m ...[36mrt[0m { [33mMOCK_COMPONENTS[0m, 
[33mMOCK_SCENARIOS[0m } [36mfrom[0m [32m"@/lib/mock-data"[0m;
  [90m8 |[0m ...[36mrt[0m { [33mButton[0m } [36mfrom[0m 
[32m"@/components/ui/button"[0m;
  [90m9 |[0m ...[36mrt[0m { useAppContext } [36mfrom[0m 
[32m"@/context/AppContext"[0m;
Next.js build worker exited with code: 1 and signal: null
